// Jest Snapshot v1, https://goo.gl/fbAQLP

exports[`Pruebas en <GifGrid />  debe mostrar el componente correctamente 1`] = `
<Fragment>
  <h3
    className="animate__animated animate__fadeIn"
  >
    Dragon Ball
  </h3>
  <p
    className="animate__animated animate__flash"
  >
    Loading...
  </p>
  <div
    className="card-grid"
  />
</Fragment>
`;

exports[`Pruebas en <GifGrid />  debe mostrar items cuando se cargan las im√°genes 1`] = `
<Fragment>
  <h3
    className="animate__animated animate__fadeIn"
  >
    Dragon Ball
  </h3>
  <div
    className="card-grid"
  >
    <GifGridItem
      id="abc"
      key="abc"
      title="Cualquier cosa"
      url="https://localhost/cualquier/cosa.jpg"
    />
    <GifGridItem
      id="def"
      key="def"
      title="Otra cosa"
      url="https://localhost/cualquier/otracosa.jpg"
    />
  </div>
</Fragment>
`;
